[0.011s][info][gc] Using The Z Garbage Collector
[0.158s][info][gc] GC(0) Garbage Collection (Warmup) 10M(56%)->6M(33%)
[0.252s][info][gc] GC(1) Garbage Collection (Warmup) 6M(33%)->6M(33%)
[0.346s][info][gc] GC(2) Garbage Collection (Warmup) 6M(33%)->4M(22%)
[4.876s][info][gc] GC(3) Garbage Collection (Proactive) 6M(33%)->8M(44%)
[5.056s][info][gc] GC(4) Garbage Collection (Allocation Rate) 14M(78%)->8M(44%)
[5.188s][info][gc] GC(5) Garbage Collection (Allocation Rate) 14M(78%)->12M(67%)
[5.258s][info][gc] GC(6) Garbage Collection (Allocation Rate) 14M(78%)->10M(56%)
[5.345s][info][gc] GC(7) Garbage Collection (Allocation Rate) 10M(56%)->10M(56%)
[5.450s][info][gc] GC(8) Garbage Collection (Allocation Rate) 12M(67%)->10M(56%)
[5.549s][info][gc] GC(9) Garbage Collection (Allocation Rate) 14M(78%)->10M(56%)
[5.651s][info][gc] GC(10) Garbage Collection (Allocation Rate) 12M(67%)->12M(67%)
[5.750s][info][gc] GC(11) Garbage Collection (Allocation Rate) 14M(78%)->12M(67%)
[5.850s][info][gc] GC(12) Garbage Collection (Allocation Rate) 12M(67%)->10M(56%)
[5.955s][info][gc] GC(13) Garbage Collection (Allocation Rate) 10M(56%)->10M(56%)
[6.056s][info][gc] GC(14) Garbage Collection (Allocation Rate) 10M(56%)->10M(56%)
[6.153s][info][gc] GC(15) Garbage Collection (Allocation Rate) 10M(56%)->10M(56%)
[6.253s][info][gc] GC(16) Garbage Collection (Allocation Rate) 10M(56%)->10M(56%)
[6.351s][info][gc] GC(17) Garbage Collection (Allocation Rate) 12M(67%)->10M(56%)
[6.455s][info][gc] GC(18) Garbage Collection (Allocation Rate) 10M(56%)->10M(56%)
[6.555s][info][gc] GC(19) Garbage Collection (Allocation Rate) 10M(56%)->10M(56%)
[6.656s][info][gc] GC(20) Garbage Collection (Allocation Rate) 10M(56%)->10M(56%)
[6.753s][info][gc] GC(21) Garbage Collection (Allocation Rate) 12M(67%)->12M(67%)
[6.858s][info][gc] GC(22) Garbage Collection (Allocation Rate) 12M(67%)->12M(67%)
[6.958s][info][gc] GC(23) Garbage Collection (Allocation Rate) 12M(67%)->10M(56%)
[7.055s][info][gc] GC(24) Garbage Collection (Allocation Rate) 10M(56%)->10M(56%)
[7.155s][info][gc] GC(25) Garbage Collection (Allocation Rate) 10M(56%)->10M(56%)
[8.354s][info][gc] GC(26) Garbage Collection (Proactive) 12M(67%)->12M(67%)
[13.850s][info][gc] GC(27) Garbage Collection (Proactive) 14M(78%)->10M(56%)
[15.062s][info][gc] GC(28) Garbage Collection (Proactive) 12M(67%)->8M(44%)
[17.551s][info][gc] GC(29) Garbage Collection (Proactive) 10M(56%)->8M(44%)
[19.663s][info][gc] GC(30) Garbage Collection (Proactive) 10M(56%)->8M(44%)
[21.761s][info][gc] GC(31) Garbage Collection (Proactive) 10M(56%)->10M(56%)
[32.856s][info][gc] GC(32) Garbage Collection (Proactive) 12M(67%)->8M(44%)
[34.750s][info][gc] GC(33) Garbage Collection (Proactive) 10M(56%)->8M(44%)
[36.354s][info][gc] GC(34) Garbage Collection (Proactive) 10M(56%)->8M(44%)
[37.757s][info][gc] GC(35) Garbage Collection (Proactive) 12M(67%)->10M(56%)
[39.255s][info][gc] GC(36) Garbage Collection (Proactive) 12M(67%)->10M(56%)
[40.650s][info][gc] GC(37) Garbage Collection (Proactive) 12M(67%)->10M(56%)
[41.947s][info][gc] GC(38) Garbage Collection (Proactive) 12M(67%)->10M(56%)
[43.147s][info][gc] GC(39) Garbage Collection (Proactive) 12M(67%)->10M(56%)
[44.147s][info][gc] GC(40) Garbage Collection (Proactive) 12M(67%)->10M(56%)
[45.050s][info][gc] GC(41) Garbage Collection (Proactive) 12M(67%)->10M(56%)
[46.067s][info][gc] GC(42) Garbage Collection (Proactive) 12M(67%)->10M(56%)
[48.850s][info][gc] GC(43) Garbage Collection (Proactive) 12M(67%)->10M(56%)
[50.951s][info][gc] GC(44) Garbage Collection (Proactive) 12M(67%)->10M(56%)
[52.550s][info][gc] GC(45) Garbage Collection (Proactive) 12M(67%)->10M(56%)
[53.865s][info][gc] GC(46) Garbage Collection (Proactive) 12M(67%)->12M(67%)
[61.271s][info][gc] Allocation Stall (main) 13.700ms
[61.273s][info][gc] GC(47) Garbage Collection (Allocation Stall) 18M(100%)->14M(78%)
[61.289s][info][gc] Allocation Stall (main) 11.513ms
[61.289s][info][gc] GC(48) Garbage Collection (Allocation Stall) 18M(100%)->16M(89%)
[61.301s][info][gc] Allocation Stall (main) 10.231ms
[61.302s][info][gc] GC(49) Garbage Collection (Allocation Stall) 18M(100%)->16M(89%)
[61.302s][info][gc] Relocation Stall (main) 0.320ms
[61.314s][info][gc] Allocation Stall (main) 9.953ms
[61.316s][info][gc] GC(50) Garbage Collection (Allocation Stall) 18M(100%)->16M(89%)
[61.331s][info][gc] Allocation Stall (main) 12.979ms
[61.332s][info][gc] GC(51) Garbage Collection (Allocation Stall) 18M(100%)->16M(89%)
[61.346s][info][gc] Allocation Stall (main) 12.122ms
[61.346s][info][gc] GC(52) Garbage Collection (Allocation Rate) 18M(100%)->18M(100%)
[61.360s][info][gc] Allocation Stall (main) 11.127ms
[61.360s][info][gc] GC(53) Garbage Collection (Allocation Stall) 18M(100%)->18M(100%)
[61.370s][info][gc] GC(54) Garbage Collection (Allocation Stall) 18M(100%)->18M(100%)
[61.370s][info][gc] Allocation Stall (main) 8.798ms
[61.379s][info][gc] Allocation Stall (main) 7.959ms
[61.379s][info][gc] GC(55) Garbage Collection (Allocation Stall) 18M(100%)->18M(100%)
[61.389s][info][gc] Allocation Stall (main) 8.085ms
[61.389s][info][gc] GC(56) Garbage Collection (Allocation Stall) 18M(100%)->12M(67%)
[61.453s][info][gc] GC(57) Garbage Collection (Allocation Rate) 12M(67%)->10M(56%)
[61.549s][info][gc] GC(58) Garbage Collection (Allocation Rate) 10M(56%)->10M(56%)
[61.646s][info][gc] GC(59) Garbage Collection (Allocation Rate) 10M(56%)->10M(56%)
[61.746s][info][gc] GC(60) Garbage Collection (Allocation Rate) 10M(56%)->10M(56%)
[61.845s][info][gc] GC(61) Garbage Collection (Allocation Rate) 10M(56%)->10M(56%)
[61.954s][info][gc] GC(62) Garbage Collection (Allocation Rate) 12M(67%)->10M(56%)
[62.052s][info][gc] GC(63) Garbage Collection (Allocation Rate) 10M(56%)->10M(56%)
[62.146s][info][gc] GC(64) Garbage Collection (Allocation Rate) 10M(56%)->10M(56%)
[62.251s][info][gc] GC(65) Garbage Collection (Allocation Rate) 10M(56%)->10M(56%)
[62.355s][info][gc] GC(66) Garbage Collection (Allocation Rate) 10M(56%)->10M(56%)
[62.454s][info][gc] GC(67) Garbage Collection (Allocation Rate) 10M(56%)->10M(56%)
[62.550s][info][gc] GC(68) Garbage Collection (Allocation Rate) 10M(56%)->10M(56%)
[62.648s][info][gc] GC(69) Garbage Collection (Allocation Rate) 10M(56%)->10M(56%)
[62.747s][info][gc] GC(70) Garbage Collection (Allocation Rate) 10M(56%)->10M(56%)
[62.848s][info][gc] GC(71) Garbage Collection (Allocation Rate) 10M(56%)->10M(56%)
[62.946s][info][gc] GC(72) Garbage Collection (Allocation Rate) 12M(67%)->12M(67%)
[63.045s][info][gc] GC(73) Garbage Collection (Allocation Rate) 12M(67%)->12M(67%)
[63.152s][info][gc] GC(74) Garbage Collection (Allocation Rate) 12M(67%)->12M(67%)
[64.452s][info][gc] GC(75) Garbage Collection (Proactive) 14M(78%)->12M(67%)
[65.752s][info][gc] GC(76) Garbage Collection (Proactive) 14M(78%)->12M(67%)
[66.953s][info][gc] GC(77) Garbage Collection (Proactive) 14M(78%)->12M(67%)
[68.153s][info][gc] GC(78) Garbage Collection (Proactive) 14M(78%)->12M(67%)
[69.348s][info][gc] GC(79) Garbage Collection (Proactive) 14M(78%)->12M(67%)
[70.447s][info][gc] GC(80) Garbage Collection (Proactive) 14M(78%)->12M(67%)
[71.451s][info][gc] GC(81) Garbage Collection (Proactive) 14M(78%)->12M(67%)
[72.652s][info][gc] GC(82) Garbage Collection (Proactive) 14M(78%)->12M(67%)
[73.849s][info][gc] GC(83) Garbage Collection (Proactive) 14M(78%)->12M(67%)
[74.953s][info][gc] GC(84) Garbage Collection (Proactive) 14M(78%)->12M(67%)
[75.948s][info][gc] GC(85) Garbage Collection (Proactive) 14M(78%)->14M(78%)
[76.044s][info][gc] GC(86) Garbage Collection (Allocation Rate) 14M(78%)->12M(67%)
[77.049s][info][gc] GC(87) Garbage Collection (Proactive) 14M(78%)->12M(67%)
[78.151s][info][gc] GC(88) Garbage Collection (Proactive) 14M(78%)->12M(67%)
[79.252s][info][gc] GC(89) Garbage Collection (Proactive) 14M(78%)->12M(67%)
[79.946s][info][gc] GC(90) Garbage Collection (Allocation Rate) 16M(89%)->14M(78%)
[80.950s][info][gc] GC(91) Garbage Collection (Allocation Rate) 16M(89%)->14M(78%)
[81.987s][info][gc] GC(92) Garbage Collection (Allocation Rate) 16M(89%)->14M(78%)
[82.957s][info][gc] GC(93) Garbage Collection (Allocation Rate) 16M(89%)->14M(78%)
[83.954s][info][gc] GC(94) Garbage Collection (Allocation Rate) 16M(89%)->14M(78%)
[84.946s][info][gc] GC(95) Garbage Collection (Allocation Rate) 16M(89%)->14M(78%)
[85.048s][info][gc] GC(96) Garbage Collection (Allocation Rate) 16M(89%)->14M(78%)
[85.950s][info][gc] GC(97) Garbage Collection (Allocation Rate) 16M(89%)->14M(78%)
[86.049s][info][gc] GC(98) Garbage Collection (Allocation Rate) 16M(89%)->14M(78%)
[86.948s][info][gc] GC(99) Garbage Collection (Allocation Rate) 16M(89%)->14M(78%)
[87.046s][info][gc] GC(100) Garbage Collection (Allocation Rate) 16M(89%)->14M(78%)
[87.951s][info][gc] GC(101) Garbage Collection (Allocation Rate) 16M(89%)->14M(78%)
[88.048s][info][gc] GC(102) Garbage Collection (Allocation Rate) 16M(89%)->14M(78%)
[88.948s][info][gc] GC(103) Garbage Collection (Allocation Rate) 16M(89%)->14M(78%)
[89.048s][info][gc] GC(104) Garbage Collection (Allocation Rate) 16M(89%)->14M(78%)
[89.948s][info][gc] GC(105) Garbage Collection (Allocation Rate) 16M(89%)->14M(78%)
[90.048s][info][gc] GC(106) Garbage Collection (Allocation Rate) 16M(89%)->14M(78%)
[90.948s][info][gc] GC(107) Garbage Collection (Allocation Rate) 16M(89%)->14M(78%)
[91.048s][info][gc] GC(108) Garbage Collection (Allocation Rate) 16M(89%)->14M(78%)
[91.948s][info][gc] GC(109) Garbage Collection (Allocation Rate) 16M(89%)->14M(78%)
[92.051s][info][gc] GC(110) Garbage Collection (Allocation Rate) 16M(89%)->14M(78%)
[92.950s][info][gc] GC(111) Garbage Collection (Allocation Rate) 16M(89%)->14M(78%)
[93.045s][info][gc] GC(112) Garbage Collection (Allocation Rate) 16M(89%)->14M(78%)
[93.948s][info][gc] GC(113) Garbage Collection (Allocation Rate) 16M(89%)->14M(78%)
[94.047s][info][gc] GC(114) Garbage Collection (Allocation Rate) 16M(89%)->14M(78%)
[94.948s][info][gc] GC(115) Garbage Collection (Allocation Rate) 16M(89%)->14M(78%)
[95.046s][info][gc] GC(116) Garbage Collection (Allocation Rate) 16M(89%)->14M(78%)
[95.750s][info][gc] GC(117) Garbage Collection (Allocation Rate) 16M(89%)->14M(78%)
[95.949s][info][gc] GC(118) Garbage Collection (Allocation Rate) 16M(89%)->14M(78%)
[96.048s][info][gc] GC(119) Garbage Collection (Allocation Rate) 16M(89%)->14M(78%)
[96.951s][info][gc] GC(120) Garbage Collection (Allocation Rate) 16M(89%)->14M(78%)
[97.048s][info][gc] GC(121) Garbage Collection (Allocation Rate) 16M(89%)->14M(78%)
[97.848s][info][gc] GC(122) Garbage Collection (Allocation Rate) 16M(89%)->14M(78%)
[97.949s][info][gc] GC(123) Garbage Collection (Allocation Rate) 16M(89%)->14M(78%)
[98.051s][info][gc] GC(124) Garbage Collection (Allocation Rate) 16M(89%)->14M(78%)
[98.948s][info][gc] GC(125) Garbage Collection (Allocation Rate) 16M(89%)->14M(78%)
[99.048s][info][gc] GC(126) Garbage Collection (Allocation Rate) 16M(89%)->14M(78%)
[99.956s][info][gc] GC(127) Garbage Collection (Allocation Rate) 16M(89%)->16M(89%)
[100.049s][info][gc] GC(128) Garbage Collection (Allocation Rate) 16M(89%)->14M(78%)
[100.948s][info][gc] GC(129) Garbage Collection (Allocation Rate) 16M(89%)->14M(78%)
[101.046s][info][gc] GC(130) Garbage Collection (Allocation Rate) 16M(89%)->14M(78%)
[101.948s][info][gc] GC(131) Garbage Collection (Allocation Rate) 16M(89%)->14M(78%)
[102.052s][info][gc] GC(132) Garbage Collection (Allocation Rate) 16M(89%)->14M(78%)
[102.948s][info][gc] GC(133) Garbage Collection (Allocation Rate) 16M(89%)->14M(78%)
[103.051s][info][gc] GC(134) Garbage Collection (Allocation Rate) 16M(89%)->14M(78%)
[103.949s][info][gc] GC(135) Garbage Collection (Allocation Rate) 16M(89%)->14M(78%)
[104.052s][info][gc] GC(136) Garbage Collection (Allocation Rate) 16M(89%)->14M(78%)
[104.949s][info][gc] GC(137) Garbage Collection (Allocation Rate) 16M(89%)->14M(78%)
[105.045s][info][gc] GC(138) Garbage Collection (Allocation Rate) 16M(89%)->14M(78%)
[105.954s][info][gc] GC(139) Garbage Collection (Allocation Rate) 16M(89%)->14M(78%)
[106.046s][info][gc] GC(140) Garbage Collection (Allocation Rate) 16M(89%)->14M(78%)
[106.947s][info][gc] GC(141) Garbage Collection (Allocation Rate) 16M(89%)->14M(78%)
[107.046s][info][gc] GC(142) Garbage Collection (Allocation Rate) 16M(89%)->14M(78%)
[107.946s][info][gc] GC(143) Garbage Collection (Allocation Rate) 16M(89%)->14M(78%)
[108.046s][info][gc] GC(144) Garbage Collection (Allocation Rate) 16M(89%)->14M(78%)
[108.946s][info][gc] GC(145) Garbage Collection (Allocation Rate) 16M(89%)->14M(78%)
[109.047s][info][gc] GC(146) Garbage Collection (Allocation Rate) 16M(89%)->14M(78%)
[109.946s][info][gc] GC(147) Garbage Collection (Allocation Rate) 16M(89%)->14M(78%)
[110.046s][info][gc] GC(148) Garbage Collection (Allocation Rate) 16M(89%)->14M(78%)
[110.946s][info][gc] GC(149) Garbage Collection (Allocation Rate) 16M(89%)->14M(78%)
[111.046s][info][gc] GC(150) Garbage Collection (Allocation Rate) 16M(89%)->14M(78%)
[111.946s][info][gc] GC(151) Garbage Collection (Allocation Rate) 16M(89%)->14M(78%)
[112.043s][info][gc] GC(152) Garbage Collection (Allocation Rate) 16M(89%)->14M(78%)
[112.946s][info][gc] GC(153) Garbage Collection (Allocation Rate) 16M(89%)->14M(78%)
[113.047s][info][gc] GC(154) Garbage Collection (Allocation Rate) 16M(89%)->14M(78%)
[113.946s][info][gc] GC(155) Garbage Collection (Allocation Rate) 16M(89%)->14M(78%)
[114.046s][info][gc] GC(156) Garbage Collection (Allocation Rate) 16M(89%)->14M(78%)
[114.946s][info][gc] GC(157) Garbage Collection (Allocation Rate) 16M(89%)->14M(78%)
[115.049s][info][gc] GC(158) Garbage Collection (Allocation Rate) 16M(89%)->14M(78%)
[115.969s][info][gc] GC(159) Garbage Collection (Allocation Rate) 16M(89%)->16M(89%)
[116.046s][info][gc] GC(160) Garbage Collection (Allocation Rate) 16M(89%)->14M(78%)
[116.946s][info][gc] GC(161) Garbage Collection (Allocation Rate) 16M(89%)->14M(78%)
[117.049s][info][gc] GC(162) Garbage Collection (Allocation Rate) 16M(89%)->14M(78%)
[117.946s][info][gc] GC(163) Garbage Collection (Allocation Rate) 16M(89%)->14M(78%)
[118.043s][info][gc] GC(164) Garbage Collection (Allocation Rate) 16M(89%)->14M(78%)
[118.946s][info][gc] GC(165) Garbage Collection (Allocation Rate) 16M(89%)->14M(78%)
[119.046s][info][gc] GC(166) Garbage Collection (Allocation Rate) 16M(89%)->14M(78%)
[119.946s][info][gc] GC(167) Garbage Collection (Allocation Rate) 16M(89%)->14M(78%)
[120.047s][info][gc] GC(168) Garbage Collection (Allocation Rate) 16M(89%)->14M(78%)
[120.946s][info][gc] GC(169) Garbage Collection (Allocation Rate) 16M(89%)->14M(78%)
[121.043s][info][gc] GC(170) Garbage Collection (Allocation Rate) 16M(89%)->14M(78%)
[121.946s][info][gc] GC(171) Garbage Collection (Allocation Rate) 16M(89%)->14M(78%)
[122.050s][info][gc] GC(172) Garbage Collection (Allocation Rate) 16M(89%)->14M(78%)
[122.946s][info][gc] GC(173) Garbage Collection (Allocation Rate) 16M(89%)->14M(78%)
[123.046s][info][gc] GC(174) Garbage Collection (Allocation Rate) 16M(89%)->14M(78%)
[123.946s][info][gc] GC(175) Garbage Collection (Allocation Rate) 16M(89%)->14M(78%)
[124.046s][info][gc] GC(176) Garbage Collection (Allocation Rate) 16M(89%)->14M(78%)
[124.946s][info][gc] GC(177) Garbage Collection (Allocation Rate) 16M(89%)->14M(78%)
[125.050s][info][gc] GC(178) Garbage Collection (Allocation Rate) 16M(89%)->14M(78%)
[125.747s][info][gc] GC(179) Garbage Collection (Allocation Rate) 16M(89%)->14M(78%)
[125.946s][info][gc] GC(180) Garbage Collection (Allocation Rate) 16M(89%)->14M(78%)
[126.047s][info][gc] GC(181) Garbage Collection (Allocation Rate) 16M(89%)->14M(78%)
[126.946s][info][gc] GC(182) Garbage Collection (Allocation Rate) 16M(89%)->14M(78%)
[127.046s][info][gc] GC(183) Garbage Collection (Allocation Rate) 16M(89%)->14M(78%)
[127.946s][info][gc] GC(184) Garbage Collection (Allocation Rate) 16M(89%)->14M(78%)
[128.047s][info][gc] GC(185) Garbage Collection (Allocation Rate) 16M(89%)->14M(78%)
[128.946s][info][gc] GC(186) Garbage Collection (Allocation Rate) 16M(89%)->14M(78%)
[129.049s][info][gc] GC(187) Garbage Collection (Allocation Rate) 16M(89%)->14M(78%)
[129.946s][info][gc] GC(188) Garbage Collection (Allocation Rate) 16M(89%)->14M(78%)
[130.056s][info][gc] GC(189) Garbage Collection (Allocation Rate) 16M(89%)->14M(78%)
[130.946s][info][gc] GC(190) Garbage Collection (Allocation Rate) 16M(89%)->14M(78%)
[131.050s][info][gc] GC(191) Garbage Collection (Allocation Rate) 16M(89%)->14M(78%)
[131.946s][info][gc] GC(192) Garbage Collection (Allocation Rate) 16M(89%)->14M(78%)
[132.049s][info][gc] GC(193) Garbage Collection (Allocation Rate) 16M(89%)->14M(78%)
[132.946s][info][gc] GC(194) Garbage Collection (Allocation Rate) 16M(89%)->14M(78%)
[133.048s][info][gc] GC(195) Garbage Collection (Allocation Rate) 16M(89%)->14M(78%)
[133.945s][info][gc] GC(196) Garbage Collection (Allocation Rate) 16M(89%)->14M(78%)
[134.049s][info][gc] GC(197) Garbage Collection (Allocation Rate) 16M(89%)->14M(78%)
[134.946s][info][gc] GC(198) Garbage Collection (Allocation Rate) 16M(89%)->14M(78%)
[135.049s][info][gc] GC(199) Garbage Collection (Allocation Rate) 16M(89%)->14M(78%)
[135.947s][info][gc] GC(200) Garbage Collection (Allocation Rate) 16M(89%)->14M(78%)
[136.046s][info][gc] GC(201) Garbage Collection (Allocation Rate) 16M(89%)->14M(78%)
[136.952s][info][gc] GC(202) Garbage Collection (Allocation Rate) 16M(89%)->16M(89%)
[137.048s][info][gc] GC(203) Garbage Collection (Allocation Rate) 16M(89%)->14M(78%)
[137.946s][info][gc] GC(204) Garbage Collection (Allocation Rate) 16M(89%)->14M(78%)
[138.049s][info][gc] GC(205) Garbage Collection (Allocation Rate) 16M(89%)->14M(78%)
[138.946s][info][gc] GC(206) Garbage Collection (Allocation Rate) 16M(89%)->14M(78%)
[139.046s][info][gc] GC(207) Garbage Collection (Allocation Rate) 16M(89%)->14M(78%)
[139.947s][info][gc] GC(208) Garbage Collection (Allocation Rate) 16M(89%)->16M(89%)
[140.050s][info][gc] GC(209) Garbage Collection (Allocation Rate) 16M(89%)->14M(78%)
[140.949s][info][gc] GC(210) Garbage Collection (Allocation Rate) 16M(89%)->16M(89%)
[141.056s][info][gc] GC(211) Garbage Collection (Allocation Rate) 16M(89%)->14M(78%)
[141.946s][info][gc] GC(212) Garbage Collection (Allocation Rate) 16M(89%)->16M(89%)
[142.047s][info][gc] GC(213) Garbage Collection (Allocation Rate) 16M(89%)->14M(78%)
[142.947s][info][gc] GC(214) Garbage Collection (Allocation Rate) 16M(89%)->16M(89%)
[143.049s][info][gc] GC(215) Garbage Collection (Allocation Rate) 16M(89%)->14M(78%)
[144.047s][info][gc] GC(216) Garbage Collection (Allocation Rate) 16M(89%)->14M(78%)
[145.046s][info][gc] GC(217) Garbage Collection (Allocation Rate) 16M(89%)->14M(78%)
[146.044s][info][gc] GC(218) Garbage Collection (Allocation Rate) 16M(89%)->14M(78%)
[147.046s][info][gc] GC(219) Garbage Collection (Allocation Rate) 16M(89%)->14M(78%)
[148.047s][info][gc] GC(220) Garbage Collection (Allocation Rate) 16M(89%)->14M(78%)
[149.050s][info][gc] GC(221) Garbage Collection (Allocation Rate) 16M(89%)->14M(78%)
[150.048s][info][gc] GC(222) Garbage Collection (Allocation Rate) 16M(89%)->14M(78%)
[151.049s][info][gc] GC(223) Garbage Collection (Allocation Rate) 16M(89%)->14M(78%)
[152.044s][info][gc] GC(224) Garbage Collection (Allocation Rate) 16M(89%)->14M(78%)
[153.048s][info][gc] GC(225) Garbage Collection (Allocation Rate) 16M(89%)->14M(78%)
[154.053s][info][gc] GC(226) Garbage Collection (Allocation Rate) 16M(89%)->14M(78%)
[155.048s][info][gc] GC(227) Garbage Collection (Allocation Rate) 16M(89%)->14M(78%)
[155.747s][info][gc] GC(228) Garbage Collection (Allocation Rate) 16M(89%)->14M(78%)
[156.048s][info][gc] GC(229) Garbage Collection (Allocation Rate) 16M(89%)->14M(78%)
[157.047s][info][gc] GC(230) Garbage Collection (Allocation Rate) 16M(89%)->14M(78%)
[157.846s][info][gc] GC(231) Garbage Collection (Allocation Rate) 16M(89%)->14M(78%)
[158.048s][info][gc] GC(232) Garbage Collection (Allocation Rate) 16M(89%)->14M(78%)
[159.047s][info][gc] GC(233) Garbage Collection (Allocation Rate) 16M(89%)->14M(78%)
[160.047s][info][gc] GC(234) Garbage Collection (Allocation Rate) 16M(89%)->14M(78%)
[161.048s][info][gc] GC(235) Garbage Collection (Allocation Rate) 16M(89%)->14M(78%)
[162.049s][info][gc] GC(236) Garbage Collection (Allocation Rate) 16M(89%)->14M(78%)
[163.048s][info][gc] GC(237) Garbage Collection (Allocation Rate) 16M(89%)->14M(78%)
[164.054s][info][gc] GC(238) Garbage Collection (Allocation Rate) 16M(89%)->14M(78%)
[165.047s][info][gc] GC(239) Garbage Collection (Allocation Rate) 16M(89%)->14M(78%)
[166.047s][info][gc] GC(240) Garbage Collection (Allocation Rate) 16M(89%)->14M(78%)
[167.044s][info][gc] GC(241) Garbage Collection (Allocation Rate) 16M(89%)->14M(78%)
[168.050s][info][gc] GC(242) Garbage Collection (Allocation Rate) 16M(89%)->14M(78%)
[169.048s][info][gc] GC(243) Garbage Collection (Allocation Rate) 16M(89%)->14M(78%)
[170.048s][info][gc] GC(244) Garbage Collection (Allocation Rate) 16M(89%)->14M(78%)
[171.047s][info][gc] GC(245) Garbage Collection (Allocation Rate) 16M(89%)->14M(78%)
[172.046s][info][gc] GC(246) Garbage Collection (Allocation Rate) 16M(89%)->14M(78%)
[173.047s][info][gc] GC(247) Garbage Collection (Allocation Rate) 16M(89%)->14M(78%)
[174.047s][info][gc] GC(248) Garbage Collection (Allocation Rate) 16M(89%)->14M(78%)
[175.050s][info][gc] GC(249) Garbage Collection (Allocation Rate) 16M(89%)->14M(78%)
[176.047s][info][gc] GC(250) Garbage Collection (Allocation Rate) 16M(89%)->14M(78%)
[177.046s][info][gc] GC(251) Garbage Collection (Allocation Rate) 16M(89%)->14M(78%)
[178.074s][info][gc] GC(252) Garbage Collection (Allocation Rate) 16M(89%)->14M(78%)
[179.049s][info][gc] GC(253) Garbage Collection (Allocation Rate) 16M(89%)->14M(78%)
[179.154s][info][gc] GC(254) Garbage Collection (Allocation Rate) 16M(89%)->12M(67%)
[181.152s][info][gc] GC(255) Garbage Collection (Proactive) 14M(78%)->12M(67%)
[182.655s][info][gc] GC(256) Garbage Collection (Proactive) 14M(78%)->12M(67%)
[184.054s][info][gc] GC(257) Garbage Collection (Proactive) 14M(78%)->12M(67%)
[185.553s][info][gc] GC(258) Garbage Collection (Proactive) 14M(78%)->12M(67%)
[186.851s][info][gc] GC(259) Garbage Collection (Proactive) 14M(78%)->12M(67%)
[188.050s][info][gc] GC(260) Garbage Collection (Proactive) 14M(78%)->12M(67%)
[189.148s][info][gc] GC(261) Garbage Collection (Proactive) 14M(78%)->12M(67%)
[190.151s][info][gc] GC(262) Garbage Collection (Proactive) 14M(78%)->12M(67%)
[191.250s][info][gc] GC(263) Garbage Collection (Proactive) 14M(78%)->12M(67%)
[192.253s][info][gc] GC(264) Garbage Collection (Proactive) 14M(78%)->12M(67%)
[193.355s][info][gc] GC(265) Garbage Collection (Proactive) 14M(78%)->12M(67%)
[194.755s][info][gc] GC(266) Garbage Collection (Proactive) 14M(78%)->12M(67%)
[196.049s][info][gc] GC(267) Garbage Collection (Proactive) 14M(78%)->12M(67%)
[197.247s][info][gc] GC(268) Garbage Collection (Allocation Rate) 16M(89%)->14M(78%)
[197.347s][info][gc] GC(269) Garbage Collection (Allocation Rate) 14M(78%)->14M(78%)
[197.450s][info][gc] GC(270) Garbage Collection (Allocation Rate) 14M(78%)->14M(78%)
[197.546s][info][gc] GC(271) Garbage Collection (Allocation Rate) 14M(78%)->14M(78%)
[197.647s][info][gc] GC(272) Garbage Collection (Allocation Rate) 14M(78%)->14M(78%)
[198.068s][info][gc] GC(273) Garbage Collection (Allocation Rate) 16M(89%)->14M(78%)
[199.049s][info][gc] GC(274) Garbage Collection (Allocation Rate) 16M(89%)->16M(89%)
[199.147s][info][gc] GC(275) Garbage Collection (Allocation Rate) 16M(89%)->14M(78%)
[200.048s][info][gc] GC(276) Garbage Collection (Allocation Rate) 16M(89%)->16M(89%)
[200.147s][info][gc] GC(277) Garbage Collection (Allocation Rate) 16M(89%)->14M(78%)
[201.056s][info][gc] GC(278) Garbage Collection (Allocation Rate) 16M(89%)->16M(89%)
[201.145s][info][gc] GC(279) Garbage Collection (Allocation Rate) 16M(89%)->14M(78%)
[201.460s][info][gc] GC(280) Garbage Collection (Allocation Rate) 16M(89%)->12M(67%)
[203.753s][info][gc] GC(281) Garbage Collection (Proactive) 14M(78%)->12M(67%)
[205.556s][info][gc] GC(282) Garbage Collection (Proactive) 14M(78%)->12M(67%)
[207.148s][info][gc] GC(283) Garbage Collection (Proactive) 14M(78%)->12M(67%)
[208.751s][info][gc] GC(284) Garbage Collection (Proactive) 14M(78%)->12M(67%)
[210.150s][info][gc] GC(285) Garbage Collection (Proactive) 14M(78%)->12M(67%)
[211.356s][info][gc] GC(286) Garbage Collection (Proactive) 14M(78%)->12M(67%)
[212.852s][info][gc] GC(287) Garbage Collection (Proactive) 14M(78%)->12M(67%)
[214.152s][info][gc] GC(288) Garbage Collection (Proactive) 14M(78%)->12M(67%)
[215.353s][info][gc] GC(289) Garbage Collection (Proactive) 14M(78%)->12M(67%)
[216.557s][info][gc] GC(290) Garbage Collection (Proactive) 14M(78%)->12M(67%)
[218.066s][info][gc] GC(291) Garbage Collection (Proactive) 14M(78%)->14M(78%)
