[0.012s][info][gc] Using The Z Garbage Collector
[0.152s][info][gc] GC(0) Garbage Collection (Warmup) 6M(38%)->8M(50%)
[0.262s][info][gc] GC(1) Garbage Collection (Warmup) 10M(62%)->6M(38%)
[0.352s][info][gc] GC(2) Garbage Collection (Warmup) 6M(38%)->4M(25%)
[8.484s][info][gc] GC(3) Garbage Collection (Proactive) 8M(50%)->10M(62%)
[8.559s][info][gc] GC(4) Garbage Collection (Allocation Rate) 12M(75%)->8M(50%)
[8.670s][info][gc] Relocation Stall (C2 CompilerThread4) 0.054ms
[8.670s][info][gc] Relocation Stall (Attach Listener) 0.189ms
[8.670s][info][gc] Allocation Stall (Attach Listener) 22.750ms
[8.671s][info][gc] GC(5) Garbage Collection (Allocation Stall) 16M(100%)->10M(62%)
[8.768s][info][gc] GC(6) Garbage Collection (Allocation Rate) 12M(75%)->8M(50%)
[8.856s][info][gc] GC(7) Garbage Collection (Allocation Rate) 8M(50%)->8M(50%)
[8.951s][info][gc] GC(8) Garbage Collection (Allocation Rate) 8M(50%)->6M(38%)
[9.060s][info][gc] GC(9) Garbage Collection (Allocation Rate) 8M(50%)->8M(50%)
[9.159s][info][gc] GC(10) Garbage Collection (Allocation Rate) 10M(62%)->10M(62%)
[9.254s][info][gc] GC(11) Garbage Collection (Allocation Rate) 14M(88%)->10M(62%)
[9.356s][info][gc] GC(12) Garbage Collection (Allocation Rate) 12M(75%)->10M(62%)
[9.460s][info][gc] GC(13) Garbage Collection (Allocation Rate) 12M(75%)->10M(62%)
[9.568s][info][gc] GC(14) Garbage Collection (Allocation Rate) 10M(62%)->10M(62%)
[9.659s][info][gc] GC(15) Garbage Collection (Allocation Rate) 10M(62%)->8M(50%)
[9.759s][info][gc] GC(16) Garbage Collection (Allocation Rate) 8M(50%)->8M(50%)
[9.861s][info][gc] GC(17) Garbage Collection (Allocation Rate) 8M(50%)->8M(50%)
[9.962s][info][gc] GC(18) Garbage Collection (Allocation Rate) 8M(50%)->8M(50%)
[10.062s][info][gc] GC(19) Garbage Collection (Allocation Rate) 10M(62%)->8M(50%)
[10.160s][info][gc] GC(20) Garbage Collection (Allocation Rate) 8M(50%)->8M(50%)
[10.260s][info][gc] GC(21) Garbage Collection (Allocation Rate) 8M(50%)->8M(50%)
[10.361s][info][gc] GC(22) Garbage Collection (Allocation Rate) 8M(50%)->8M(50%)
[10.463s][info][gc] GC(23) Garbage Collection (Allocation Rate) 8M(50%)->10M(62%)
[10.558s][info][gc] GC(24) Garbage Collection (Allocation Rate) 10M(62%)->10M(62%)
[10.665s][info][gc] GC(25) Garbage Collection (Allocation Rate) 10M(62%)->8M(50%)
[10.759s][info][gc] GC(26) Garbage Collection (Allocation Rate) 8M(50%)->8M(50%)
[10.860s][info][gc] GC(27) Garbage Collection (Allocation Rate) 8M(50%)->8M(50%)
[10.958s][info][gc] GC(28) Garbage Collection (Allocation Rate) 8M(50%)->8M(50%)
[12.262s][info][gc] GC(29) Garbage Collection (Proactive) 10M(62%)->10M(62%)
[20.555s][info][gc] GC(30) Garbage Collection (Proactive) 12M(75%)->8M(50%)
[21.860s][info][gc] GC(31) Garbage Collection (Proactive) 10M(62%)->8M(50%)
[23.162s][info][gc] GC(32) Garbage Collection (Proactive) 10M(62%)->8M(50%)
[24.558s][info][gc] GC(33) Garbage Collection (Proactive) 10M(62%)->8M(50%)
[25.765s][info][gc] GC(34) Garbage Collection (Proactive) 10M(62%)->8M(50%)
[27.465s][info][gc] GC(35) Garbage Collection (Proactive) 10M(62%)->8M(50%)
[28.960s][info][gc] GC(36) Garbage Collection (Proactive) 10M(62%)->8M(50%)
[30.259s][info][gc] GC(37) Garbage Collection (Proactive) 10M(62%)->8M(50%)
[31.561s][info][gc] GC(38) Garbage Collection (Proactive) 10M(62%)->10M(62%)
[42.361s][info][gc] GC(39) Garbage Collection (Proactive) 12M(75%)->12M(75%)
[42.464s][info][gc] GC(40) Garbage Collection (Allocation Rate) 12M(75%)->10M(62%)
[42.659s][info][gc] GC(41) Garbage Collection (Allocation Rate) 12M(75%)->10M(62%)
[43.963s][info][gc] GC(42) Garbage Collection (Proactive) 12M(75%)->10M(62%)
[45.662s][info][gc] GC(43) Garbage Collection (Proactive) 12M(75%)->10M(62%)
[47.163s][info][gc] GC(44) Garbage Collection (Proactive) 12M(75%)->10M(62%)
[48.458s][info][gc] GC(45) Garbage Collection (Proactive) 12M(75%)->10M(62%)
[49.665s][info][gc] GC(46) Garbage Collection (Proactive) 12M(75%)->12M(75%)
[64.653s][info][gc] GC(47) Garbage Collection (Allocation Rate) 14M(88%)->10M(62%)
[64.755s][info][gc] GC(48) Garbage Collection (Allocation Rate) 12M(75%)->10M(62%)
[66.059s][info][gc] GC(49) Garbage Collection (Proactive) 12M(75%)->10M(62%)
[67.361s][info][gc] GC(50) Garbage Collection (Proactive) 12M(75%)->10M(62%)
[67.818s][info][gc] Relocation Stall (main) 0.872ms
[67.819s][info][gc] GC(51) Garbage Collection (Allocation Stall) 16M(100%)->14M(88%)
[67.819s][info][gc] Allocation Stall (main) 19.491ms
[67.840s][info][gc] Allocation Stall (main) 16.008ms
[67.841s][info][gc] GC(52) Garbage Collection (Allocation Stall) 16M(100%)->14M(88%)
[67.860s][info][gc] Relocation Stall (main) 0.967ms
[67.860s][info][gc] GC(53) Garbage Collection (Allocation Stall) 16M(100%)->14M(88%)
[67.860s][info][gc] Allocation Stall (main) 16.383ms
[67.881s][info][gc] GC(54) Garbage Collection (Allocation Stall) 16M(100%)->16M(100%)
[67.881s][info][gc] Allocation Stall (main) 17.428ms
[67.898s][info][gc] GC(55) Garbage Collection (Allocation Stall) 16M(100%)->16M(100%)
[67.898s][info][gc] Allocation Stall (main) 14.715ms
[67.911s][info][gc] GC(56) Garbage Collection (Allocation Stall) 16M(100%)->16M(100%)
[67.911s][info][gc] Allocation Stall (main) 11.824ms
[67.925s][info][gc] GC(57) Garbage Collection (Allocation Stall) 16M(100%)->16M(100%)
[67.925s][info][gc] Allocation Stall (main) 11.617ms
[67.938s][info][gc] GC(58) Garbage Collection (Allocation Stall) 16M(100%)->16M(100%)
[67.938s][info][gc] Allocation Stall (main) 11.930ms
[67.952s][info][gc] GC(59) Garbage Collection (Allocation Stall) 16M(100%)->16M(100%)
[67.952s][info][gc] Allocation Stall (main) 12.021ms
[67.965s][info][gc] GC(60) Garbage Collection (Allocation Stall) 16M(100%)->16M(100%)
[67.965s][info][gc] Allocation Stall (main) 11.541ms
[67.975s][info][gc] GC(61) Garbage Collection (Allocation Stall) 16M(100%)->16M(100%)
[67.975s][info][gc] Allocation Stall (main) 9.469ms
[67.975s][info][gc] Out Of Memory (main)
[67.985s][info][gc] Allocation Stall (main) 9.932ms
[67.985s][info][gc] GC(62) Garbage Collection (Allocation Stall) 16M(100%)->10M(62%)
